// Jest Snapshot v1, https://goo.gl/fbAQLP

exports[`Should render Expense List correctly.. 1`] = `
<div>
  <ExpenseListItem
    amount={100}
    createdAt={0}
    description="First record"
    id="1"
    key="1"
    note="The first"
  />
  <ExpenseListItem
    amount={150}
    createdAt={-345600000}
    description="Second record"
    id="2"
    key="2"
    note="The second"
  />
  <ExpenseListItem
    amount={50}
    createdAt={345600000}
    description="Third record"
    id="3"
    key="3"
    note="The third"
  />
</div>
`;

exports[`Should render no Expense List correctly with no expenses.. 1`] = `
<div>
  <p>
    No Expenses
  </p>
</div>
`;
